// Jest Snapshot v1, https://goo.gl/fbAQLP

exports[`Button view should match with snapshot 1`] = `
<button
  className="button"
  onClick={[Function]}
  type="button"
>
  Save
</button>
`;
