// Jest Snapshot v1, https://goo.gl/fbAQLP

exports[`Menu view should match with snapshot 1`] = `
<Link
  replace={false}
  to="/home"
>
  Home
</Link>
`;
