// Jest Snapshot v1, https://goo.gl/fbAQLP

exports[`Input view should match with snapshot 1`] = `
<input
  className="input"
  placeholder="Digite aqui seu nome"
  type="text"
/>
`;
