// Jest Snapshot v1, https://goo.gl/fbAQLP

exports[`Progressbar view should match with snapshot 1`] = `
<div
  className="progressbar"
>
  <div
    className="progressbar__icon"
  />
  
</div>
`;
