// Jest Snapshot v1, https://goo.gl/fbAQLP

exports[`Modal view should match the snapshot with component default 1`] = `
<Modal
  ariaHideApp={true}
  bodyOpenClassName="ReactModal__Body--open"
  className="modal"
  closeTimeoutMS={0}
  isOpen={false}
  parentSelector={[Function]}
  portalClassName="ReactModalPortal"
  role="dialog"
  shouldCloseOnEsc={true}
  shouldCloseOnOverlayClick={true}
  shouldFocusAfterRender={true}
  shouldReturnFocusAfterClose={true}
>
  <h5
    className="modal__title"
  >
    Modal
  </h5>
  <Children />
  <div
    className="modal__row"
  >
    <Button
      onClick={[Function]}
    >
      Save
    </Button>
    <Button
      onClick={[Function]}
    >
      Cancel
    </Button>
  </div>
</Modal>
`;
