// Jest Snapshot v1, https://goo.gl/fbAQLP

exports[`Main view should match with snapshot 1`] = `
<div
  className="main"
>
  <div
    className="main__header"
  >
    <Header
      title="githubstars"
    />
  </div>
  <div
    className="main__content"
  >
    Seja bem vindo!
  </div>
</div>
`;
