// Jest Snapshot v1, https://goo.gl/fbAQLP

exports[`Header view should match with snapshot 1`] = `
<div
  className="header"
>
  <div
    className="header__title"
  >
    Sej√° bem vindo
  </div>
  <div
    className="header__menu"
  >
    <Route
      component={[Function]}
      path="/:username/repositories"
    />
  </div>
</div>
`;
